###############################################################################
#                                                                             #
# IAR ELF Linker V6.40.2.53884/W32 for ARM              13/Apr/2017  08:16:53 #
# Copyright 2007-2012 IAR Systems AB.                                         #
#                                                                             #
#    Output file  =  C:\iar\v2.12\S100App\Exe\APP.out                         #
#    Map file     =  C:\iar\v2.12\S100App\..\TEMP\APP.List\APP.map            #
#    Command line =  C:\iar\v2.12\TEMP\APP.Obj\Bios.o                         #
#                    C:\iar\v2.12\TEMP\APP.Obj\CTRL.o                         #
#                    C:\iar\v2.12\TEMP\APP.Obj\Disk.o                         #
#                    C:\iar\v2.12\TEMP\APP.Obj\Ext_Flash.o                    #
#                    C:\iar\v2.12\TEMP\APP.Obj\Flash.o                        #
#                    C:\iar\v2.12\TEMP\APP.Obj\HARDWARE.o                     #
#                    C:\iar\v2.12\TEMP\APP.Obj\I2C.o                          #
#                    C:\iar\v2.12\TEMP\APP.Obj\Interrupt.o                    #
#                    C:\iar\v2.12\TEMP\APP.Obj\MMA8652FC.o                    #
#                    C:\iar\v2.12\TEMP\APP.Obj\Main.o                         #
#                    C:\iar\v2.12\TEMP\APP.Obj\Oled.o                         #
#                    C:\iar\v2.12\TEMP\APP.Obj\STM32F103_Startup.o            #
#                    C:\iar\v2.12\TEMP\APP.Obj\STM32F103_System.o             #
#                    C:\iar\v2.12\TEMP\APP.Obj\UI.o                           #
#                    C:\iar\v2.12\TEMP\APP.Obj\USB_bot.o                      #
#                    C:\iar\v2.12\TEMP\APP.Obj\USB_desc.o                     #
#                    C:\iar\v2.12\TEMP\APP.Obj\USB_istr.o                     #
#                    C:\iar\v2.12\TEMP\APP.Obj\USB_prop.o                     #
#                    C:\iar\v2.12\TEMP\APP.Obj\USB_pwr.o                      #
#                    C:\iar\v2.12\TEMP\APP.Obj\USB_scsi.o                     #
#                    C:\iar\v2.12\TEMP\APP.Obj\misc.o                         #
#                    C:\iar\v2.12\TEMP\APP.Obj\stm32f10x_adc.o                #
#                    C:\iar\v2.12\TEMP\APP.Obj\stm32f10x_bkp.o                #
#                    C:\iar\v2.12\TEMP\APP.Obj\stm32f10x_can.o                #
#                    C:\iar\v2.12\TEMP\APP.Obj\stm32f10x_cec.o                #
#                    C:\iar\v2.12\TEMP\APP.Obj\stm32f10x_crc.o                #
#                    C:\iar\v2.12\TEMP\APP.Obj\stm32f10x_dac.o                #
#                    C:\iar\v2.12\TEMP\APP.Obj\stm32f10x_dbgmcu.o             #
#                    C:\iar\v2.12\TEMP\APP.Obj\stm32f10x_dma.o                #
#                    C:\iar\v2.12\TEMP\APP.Obj\stm32f10x_exti.o               #
#                    C:\iar\v2.12\TEMP\APP.Obj\stm32f10x_flash.o              #
#                    C:\iar\v2.12\TEMP\APP.Obj\stm32f10x_fsmc.o               #
#                    C:\iar\v2.12\TEMP\APP.Obj\stm32f10x_gpio.o               #
#                    C:\iar\v2.12\TEMP\APP.Obj\stm32f10x_i2c.o                #
#                    C:\iar\v2.12\TEMP\APP.Obj\stm32f10x_iwdg.o               #
#                    C:\iar\v2.12\TEMP\APP.Obj\stm32f10x_pwr.o                #
#                    C:\iar\v2.12\TEMP\APP.Obj\stm32f10x_rcc.o                #
#                    C:\iar\v2.12\TEMP\APP.Obj\stm32f10x_rtc.o                #
#                    C:\iar\v2.12\TEMP\APP.Obj\stm32f10x_sdio.o               #
#                    C:\iar\v2.12\TEMP\APP.Obj\stm32f10x_spi.o                #
#                    C:\iar\v2.12\TEMP\APP.Obj\stm32f10x_tim.o                #
#                    C:\iar\v2.12\TEMP\APP.Obj\stm32f10x_usart.o              #
#                    C:\iar\v2.12\TEMP\APP.Obj\stm32f10x_wwdg.o               #
#                    C:\iar\v2.12\TEMP\APP.Obj\usb_core.o                     #
#                    C:\iar\v2.12\TEMP\APP.Obj\usb_init.o                     #
#                    C:\iar\v2.12\TEMP\APP.Obj\usb_int.o                      #
#                    C:\iar\v2.12\TEMP\APP.Obj\usb_mem.o                      #
#                    C:\iar\v2.12\TEMP\APP.Obj\usb_regs.o                     #
#                    C:\iar\v2.12\TEMP\APP.Obj\usb_sil.o --redirect           #
#                    _Printf=_PrintfFull --redirect _Scanf=_ScanfFull -o      #
#                    C:\iar\v2.12\S100App\Exe\APP.out --map                   #
#                    C:\iar\v2.12\S100App\..\TEMP\APP.List\APP.map --config   #
#                    C:\iar\v2.12\S100App\STM32F103_APP.icf --semihosting     #
#                    --entry __iar_program_start --inline --no_exceptions     #
#                    --merge_duplicate_sections --no_vfe                      #
#                                                                             #
#                                                                             #
###############################################################################

*******************************************************************************
*** RUNTIME MODEL ATTRIBUTES
***

CppFlavor       = *
__SystemLibrary = DLib


*******************************************************************************
*** PLACEMENT SUMMARY
***

"A1":  place at 0x08004000 { ro section .intvec };
"P1":  place in [from 0x08004000 to 0x0800bfff] { ro };
"P2":  place in [from 0x20000000 to 0x20004fff] { rw, block CSTACK, block HEAP };

  Section            Kind        Address    Size  Object
  -------            ----        -------    ----  ------
"A1":                                      0x130
  .intvec            ro code  0x08004000   0x130  STM32F103_Startup.o [1]
                            - 0x08004130   0x130

"P1":                                     0x7df0
  .text              ro code  0x08004130  0x1e94  UI.o [1]
  .text              ro code  0x08005fc4   0x304  HARDWARE.o [1]
  .text              ro code  0x080062c8   0x430  CTRL.o [1]
  .text              ro code  0x080066f8     0x6  ABImemclr4.o [5]
  .text              ro code  0x080066fe    0x22  zero_init3.o [5]
  .text              ro code  0x08006720   0x404  Oled.o [1]
  .text              ro code  0x08006b24   0x478  Bios.o [1]
  .text              ro code  0x08006f9c    0x34  sprintf.o [3]
  .text              ro code  0x08006fd0   0x150  MMA8652FC.o [1]
  .text              ro code  0x08007120    0x34  stm32f10x_iwdg.o [1]
  .text              ro code  0x08007154    0x76  ABImemcpy.o [5]
  .text              ro code  0x080071ca     0xa  xsprout.o [3]
  .text              ro code  0x080071d4   0xf9c  Disk.o [1]
  .text              ro code  0x08008170    0x32  ABImemset48.o [5]
  .text              ro code  0x080081a4   0x24e  I2C.o [1]
  .text              ro code  0x080083f4   0x128  stm32f10x_gpio.o [1]
  .text              ro code  0x0800851c     0x6  ABImemclr.o [5]
  .text              ro code  0x08008524   0x17c  stm32f10x_rcc.o [1]
  .text              ro code  0x080086a0   0x10e  stm32f10x_flash.o [1]
  .text              ro code  0x080087b0    0x8c  misc.o [1]
  .text              ro code  0x0800883c   0x11c  stm32f10x_dma.o [1]
  .text              ro code  0x08008958   0x16c  stm32f10x_adc.o [1]
  .text              ro code  0x08008ac4    0xf0  stm32f10x_tim.o [1]
  .text              ro code  0x08008bb4   0xcce  xprintffull.o [3]
  .text              ro code  0x08009884    0x62  memcmp.o [5]
  .text              ro code  0x080098e8    0x36  strlen.o [5]
  .text              ro code  0x0800991e    0x1c  strcat.o [3]
  .text              ro code  0x0800993c    0x4c  Flash.o [1]
  .text              ro code  0x08009988    0x48  usb_mem.o [1]
  .text              ro code  0x080099d0   0x1ba  usb_regs.o [1]
  .text              ro code  0x08009b8c   0x2a2  USB_bot.o [1]
  .text              ro code  0x08009e30    0xd4  stm32f10x_i2c.o [1]
  .text              ro code  0x08009f04    0x5e  ABImemset.o [5]
  .text              ro code  0x08009f64    0x16  strchr.o [5]
  .text              ro code  0x08009f7c    0x58  memchr.o [5]
  .text              ro code  0x08009fd4    0xee  I64DivMod.o [5]
  .text              ro code  0x0800a0c2    0x42  xdnorm.o [4]
  .text              ro code  0x0800a104    0x2e  DblCmpLe.o [4]
  .text              ro code  0x0800a134    0x2e  DblCmpGe.o [4]
  .text              ro code  0x0800a164   0x10c  xdscale.o [4]
  .text              ro code  0x0800a270    0x58  DblToI32.o [4]
  .text              ro code  0x0800a2c8    0x30  I32ToDbl.o [4]
  .text              ro code  0x0800a2f8   0x180  DblSub.o [4]
  .text              ro code  0x0800a478   0x1a2  DblMul.o [4]
  .text              ro code  0x0800a61c   0x246  DblDiv.o [4]
  .text              ro code  0x0800a862     0xe  div.o [3]
  .text              ro code  0x0800a870   0x218  USB_scsi.o [1]
  .text              ro code  0x0800aa88     0x2  I64DivZer.o [5]
  .text              ro code  0x0800aa8c    0xd4  DblAdd.o [4]
  .text              ro code  0x0800ab60   0x7d2  usb_core.o [1]
  .text              ro code  0x0800b334   0x274  USB_prop.o [1]
  .text              ro code  0x0800b5a8    0x24  USB_pwr.o [1]
  .rodata            const    0x0800b5cc   0x188  Disk.o [1]
  .text              ro code  0x0800b754   0x140  usb_int.o [1]
  .text              ro code  0x0800b894    0xd0  STM32F103_System.o [1]
  .text              ro code  0x0800b964    0xa6  packbits_init3.o [5]
  .rodata            const    0x0800ba0c    0x98  USB_desc.o [1]
  .text              ro code  0x0800baa4    0x98  Main.o [1]
  .text              ro code  0x0800bb3c    0x20  usb_init.o [1]
  .text              ro code  0x0800bb5c    0x50  USB_istr.o [1]
  .text              ro code  0x0800bbac    0x28  data_init3.o [5]
  .iar.init_table    const    0x0800bbd4    0x2c  - Linker created -
  .text              ro code  0x0800bc00    0x1e  Interrupt.o [1]
  .text              ro code  0x0800bc20    0x16  cmain.o [5]
  .text              ro code  0x0800bc36     0x4  exit.o [3]
  .text              ro code  0x0800bc3c     0xa  cexit.o [5]
  .text              ro code  0x0800bc48    0x14  exit.o [6]
  .text              ro code  0x0800bc5c    0x10  STM32F103_Startup.o [1]
  .text              ro code  0x0800bc6c     0xc  cstartup_M.o [5]
  .text              ro code  0x0800bc78     0x4  STM32F103_Startup.o [1]
  .text              ro code  0x0800bc7c     0x4  STM32F103_Startup.o [1]
  .text              ro code  0x0800bc80     0x4  STM32F103_Startup.o [1]
  .text              ro code  0x0800bc84     0x4  STM32F103_Startup.o [1]
  .text              ro code  0x0800bc88     0x4  STM32F103_Startup.o [1]
  .text              ro code  0x0800bc8c     0x4  STM32F103_Startup.o [1]
  .text              ro code  0x0800bc90     0x4  STM32F103_Startup.o [1]
  .text              ro code  0x0800bc94     0x4  STM32F103_Startup.o [1]
  .text              ro code  0x0800bc98     0x4  STM32F103_Startup.o [1]
  .text              ro code  0x0800bc9c     0x4  STM32F103_Startup.o [1]
  .text              ro code  0x0800bca0     0x4  STM32F103_Startup.o [1]
  .text              ro code  0x0800bca4     0x4  STM32F103_Startup.o [1]
  .text              ro code  0x0800bca8     0x4  STM32F103_Startup.o [1]
  .rodata            const    0x0800bcac     0x0  zero_init3.o [5]
  .rodata            const    0x0800bcac     0x0  packbits_init3.o [5]
  Initializer bytes  ro data  0x0800bcac   0x271  <for P2 s0>
                            - 0x0800bf1d  0x7ded

"P2", part 1 of 3:                         0x458
  P2 s0                       0x20000000   0x458  <Init block>
    .data            inited   0x20000000   0x1d0  UI.o [1]
    .data            inited   0x200001d0    0x80  Disk.o [1]
    .data            inited   0x20000250    0x44  CTRL.o [1]
    .data            inited   0x20000294    0x30  Oled.o [1]
    .data            inited   0x200002c4    0x30  USB_prop.o [1]
    .data            inited   0x200002f4    0x28  USB_prop.o [1]
    .data            inited   0x2000031c    0x24  UI.o [1]
    .data            inited   0x20000340    0x24  USB_prop.o [1]
    .data            inited   0x20000364    0x20  UI.o [1]
    .data            inited   0x20000384    0x1c  HARDWARE.o [1]
    .data            inited   0x200003a0    0x1c  USB_desc.o [1]
    .data            inited   0x200003bc    0x1c  USB_istr.o [1]
    .data            inited   0x200003d8    0x1c  USB_istr.o [1]
    .data            inited   0x200003f4    0x14  USB_scsi.o [1]
    .data            inited   0x20000408    0x14  stm32f10x_rcc.o [1]
    .data            inited   0x2000041c     0xc  HARDWARE.o [1]
    .data            inited   0x20000428     0xc  USB_scsi.o [1]
    .data            inited   0x20000434     0x8  USB_prop.o [1]
    .data            inited   0x2000043c     0x8  USB_prop.o [1]
    .data            inited   0x20000444     0x8  USB_scsi.o [1]
    .data            inited   0x2000044c     0x4  HARDWARE.o [1]
    .data            inited   0x20000450     0x4  USB_prop.o [1]
    .data            inited   0x20000454     0x4  USB_scsi.o [1]
                            - 0x20000458   0x458

"P2", part 2 of 3:                        0x2d30
  .bss               zero     0x20000458  0x283c  Disk.o [1]
  .bss               zero     0x20002c94   0x200  Disk.o [1]
  .bss               zero     0x20002e94   0x1a0  UI.o [1]
  .bss               zero     0x20003034    0x40  USB_bot.o [1]
  .bss               zero     0x20003074    0x2c  USB_bot.o [1]
  .bss               zero     0x200030a0    0x28  usb_init.o [1]
  .bss               zero     0x200030c8    0x24  Bios.o [1]
  .bss               zero     0x200030ec    0x12  MMA8652FC.o [1]
  .bss               zero     0x200030fe     0x2  MMA8652FC.o [1]
  .bss               zero     0x20003100    0x10  Bios.o [1]
  .bss               zero     0x20003110    0x10  HARDWARE.o [1]
  .bss               zero     0x20003120    0x10  USB_bot.o [1]
  .bss               zero     0x20003130     0xc  Disk.o [1]
  .bss               zero     0x2000313c     0x8  Disk.o [1]
  .bss               zero     0x20003144     0x8  HARDWARE.o [1]
  .bss               zero     0x2000314c     0x8  HARDWARE.o [1]
  .bss               zero     0x20003154     0x8  UI.o [1]
  .bss               zero     0x2000315c     0x8  USB_scsi.o [1]
  .bss               zero     0x20003164     0x8  USB_scsi.o [1]
  .bss               zero     0x2000316c     0x4  Bios.o [1]
  .bss               zero     0x20003170     0x4  USB_prop.o [1]
  .bss               zero     0x20003174     0x4  USB_pwr.o [1]
  .bss               zero     0x20003178     0x4  usb_core.o [1]
  .bss               zero     0x2000317c     0x4  usb_int.o [1]
  .bss               zero     0x20003180     0x2  USB_istr.o [1]
  .bss               zero     0x20003182     0x2  usb_init.o [1]
  .bss               zero     0x20003184     0x1  UI.o [1]
  .bss               zero     0x20003185     0x1  UI.o [1]
  .bss               zero     0x20003186     0x1  usb_core.o [1]
  .bss               zero     0x20003187     0x1  usb_init.o [1]
                            - 0x20003188  0x2d30

"P2", part 3 of 3:                         0x400
  CSTACK                      0x20003188   0x400  <Block>
    CSTACK           uninit   0x20003188   0x400  <Block tail>
                            - 0x20003588   0x400


*******************************************************************************
*** INIT TABLE
***

          Address     Size
          -------     ----
Zero (__iar_zero_init3)
    1 destination range, total size 0x2d30:
          0x20000458  0x2d30

Copy/packbits (__iar_packbits_init3)
    1 source range, total size 0x271 (56% of destination):
          0x0800bcac   0x271
    1 destination range, total size 0x458:
          0x20000000   0x458



*******************************************************************************
*** MODULE SUMMARY
***

    Module               ro code  ro data  rw data
    ------               -------  -------  -------
C:\iar\v2.12\TEMP\APP.Obj: [1]
    Bios.o                 1 144                56
    CTRL.o                 1 072       38       68
    Disk.o                 3 996      464   10 960
    Flash.o                   76
    HARDWARE.o               772       25       76
    I2C.o                    590
    Interrupt.o               30
    MMA8652FC.o              336                20
    Main.o                   152
    Oled.o                 1 028       27       48
    STM32F103_Startup.o      372
    STM32F103_System.o       208
    UI.o                   7 828      298      958
    USB_bot.o                674               124
    USB_desc.o                        168       28
    USB_istr.o                80       31       58
    USB_prop.o               628       81      148
    USB_pwr.o                 36                 4
    USB_scsi.o               536       25       60
    misc.o                   140
    stm32f10x_adc.o          364
    stm32f10x_dma.o          284
    stm32f10x_flash.o        270
    stm32f10x_gpio.o         296
    stm32f10x_i2c.o          212
    stm32f10x_iwdg.o          52
    stm32f10x_rcc.o          380       11       20
    stm32f10x_tim.o          240
    usb_core.o             2 002                 5
    usb_init.o                32                43
    usb_int.o                320                 4
    usb_mem.o                 72
    usb_regs.o               442
    ----------------------------------------------
    Total:                24 664    1 168   12 680

command line: [2]
    ----------------------------------------------
    Total:

dl7M_tln.a: [3]
    div.o                     14
    exit.o                     4
    sprintf.o                 52
    strcat.o                  28
    xprintffull.o          3 278
    xsprout.o                 10
    ----------------------------------------------
    Total:                 3 386

m7M_tl.a: [4]
    DblAdd.o                 212
    DblCmpGe.o                46
    DblCmpLe.o                46
    DblDiv.o                 582
    DblMul.o                 418
    DblSub.o                 384
    DblToI32.o                88
    I32ToDbl.o                48
    xdnorm.o                  66
    xdscale.o                268
    ----------------------------------------------
    Total:                 2 158

rt7M_tl.a: [5]
    ABImemclr.o                6
    ABImemclr4.o               6
    ABImemcpy.o              118
    ABImemset.o               94
    ABImemset48.o             50
    I64DivMod.o              238
    I64DivZer.o                2
    cexit.o                   10
    cmain.o                   22
    cstartup_M.o              12
    data_init3.o              40
    memchr.o                  88
    memcmp.o                  98
    packbits_init3.o         166
    strchr.o                  22
    strlen.o                  54
    zero_init3.o              34
    ----------------------------------------------
    Total:                 1 060

shb_l.a: [6]
    exit.o                    20
    ----------------------------------------------
    Total:                    20

    Gaps                      38        2
    Linker created                     45    1 024
--------------------------------------------------
    Grand Total:          31 326    1 215   13 704


*******************************************************************************
*** ENTRY LIST
***

Entry                      Address    Size  Type      Object
-----                      -------    ----  ----      ------
?main                   0x0800bc21          Code  Gb  cmain.o [5]
ADC1ConvertedValue      0x2000316c     0x4  Data  Gb  Bios.o [1]
ADCPrescTable           0x20000418     0x4  Data  Lc  stm32f10x_rcc.o [1]
ADC_Cmd                 0x080089e7    0x12  Code  Gb  stm32f10x_adc.o [1]
ADC_DMACmd              0x080089f9    0x12  Code  Gb  stm32f10x_adc.o [1]
ADC_DeInit              0x08008959    0x52  Code  Gb  stm32f10x_adc.o [1]
ADC_GetResetCalibrationStatus
                        0x08008a15     0x6  Code  Gb  stm32f10x_adc.o [1]
ADC_Init                0x080089ab    0x3c  Code  Gb  stm32f10x_adc.o [1]
ADC_RegularChannelConfig
                        0x08008a33    0x7e  Code  Gb  stm32f10x_adc.o [1]
ADC_ResetCalibration    0x08008a0b     0xa  Code  Gb  stm32f10x_adc.o [1]
ADC_SoftwareStartConvCmd
                        0x08008a21    0x12  Code  Gb  stm32f10x_adc.o [1]
APBAHBPrescTable        0x20000408    0x10  Data  Lc  stm32f10x_rcc.o [1]
APP_Init                0x08004185    0x3a  Code  Gb  UI.o [1]
Ad_Init                 0x08006cd9   0x120  Code  Gb  Bios.o [1]
BOOT_SEC                0x08007f68   0x200  Data  Gb  Disk.o [1]
Bot_Abort               0x08009e01    0x24  Code  Gb  USB_bot.o [1]
Bot_State               0x20003094     0x1  Data  Gb  USB_bot.o [1]
Bulk_Buff               0x20003034    0x40  Data  Gb  USB_bot.o [1]
BusFault_Handler        0x0800bc07     0x2  Code  Gb  Interrupt.o [1]
ByteSwap                0x08009b81     0xa  Code  Gb  usb_regs.o [1]
CBW                     0x20003074    0x20  Data  Gb  USB_bot.o [1]
CBW_Decode              0x08009c21   0x15a  Code  Gb  USB_bot.o [1]
CSTACK$$Base            0x20003188           --   Gb  - Linker created -
CSTACK$$Limit           0x20003588           --   Gb  - Linker created -
CSW                     0x20003120    0x10  Data  Gb  USB_bot.o [1]
CTR_LP                  0x0800b755   0x128  Code  Gb  usb_int.o [1]
Cal_Done                0x08004a94    0xc0  Data  Gb  UI.o [1]
Cal_UnDone              0x08004b54    0xc0  Data  Gb  UI.o [1]
Cal_Val                 0x080073d9   0x126  Code  Gb  Disk.o [1]
Calculation_TWork       0x080059a5    0x3a  Code  Gb  UI.o [1]
Cheak_XYData            0x08007043    0x4e  Code  Gb  MMA8652FC.o [1]
Check_Accelerated       0x080070b3    0x66  Code  Gb  MMA8652FC.o [1]
Clean_Char              0x08006813    0x2e  Code  Gb  Oled.o [1]
ClearDTOG_RX            0x08009a79    0x24  Code  Gb  usb_regs.o [1]
ClearDTOG_TX            0x08009a9d    0x22  Code  Gb  usb_regs.o [1]
Clear_Screen            0x080068b1    0x26  Code  Gb  Oled.o [1]
Clear_Status_Out        0x08009a5b    0x14  Code  Gb  usb_regs.o [1]
Clear_Watchdog          0x080062b7     0xa  Code  Gb  HARDWARE.o [1]
Config                  0x08004830    0xc0  Data  Gb  UI.o [1]
Config_Analysis         0x080075a5   0x326  Code  Gb  Disk.o [1]
Config_Descriptor       0x2000043c     0x8  Data  Gb  USB_prop.o [1]
DMA_Cmd                 0x0800890d    0x14  Code  Gb  stm32f10x_dma.o [1]
DMA_DeInit              0x0800883d    0x9a  Code  Gb  stm32f10x_dma.o [1]
DMA_Init                0x080088d7    0x36  Code  Gb  stm32f10x_dma.o [1]
DataStageIn             0x0800ae9f    0xa6  Code  Lc  usb_core.o [1]
DataStageOut            0x0800ae0d    0x92  Code  Lc  usb_core.o [1]
Data_Command            0x08006765    0x2e  Code  Gb  Oled.o [1]
Data_Len                0x20003096     0x2  Data  Gb  USB_bot.o [1]
Data_Mul_MaxPacketSize  0x20003186     0x1  Data  Gb  usb_core.o [1]
Data_Setup0             0x0800b00f   0x176  Code  Lc  usb_core.o [1]
DebugMon_Handler        0x0800bc0d     0x2  Code  Gb  Interrupt.o [1]
Delay_HalfMs            0x08006b51     0x6  Code  Gb  Bios.o [1]
Delay_Ms                0x08006b49     0x8  Code  Gb  Bios.o [1]
Delay_uS                0x080081a5     0xa  Code  Gb  I2C.o [1]
Device_Descriptor       0x20000434     0x8  Data  Gb  USB_prop.o [1]
Device_Info             0x200030a0    0x1c  Data  Gb  usb_init.o [1]
Device_Property         0x200002c4    0x30  Data  Gb  USB_prop.o [1]
Device_Table            0x20000450     0x4  Data  Gb  USB_prop.o [1]
Disk_BuffInit           0x080074ff    0x22  Code  Gb  Disk.o [1]
Disk_Inquiry_Str        0x0800aa64    0x24  Data  Gb  USB_scsi.o [1]
Disk_SecRead            0x08007c45    0x72  Code  Gb  Disk.o [1]
Disk_SecWrite           0x080078e5   0x2e8  Code  Gb  Disk.o [1]
Display_BG              0x080068df   0x140  Code  Gb  Oled.o [1]
Display_Str             0x08005685    0x52  Code  Gb  UI.o [1]
Display_Str10           0x080058f9    0x54  Code  Gb  UI.o [1]
Display_Str45           0x0800594d    0x50  Code  Gb  UI.o [1]
Display_Temp            0x080041bf    0x7c  Code  Gb  UI.o [1]
EP1_IN_Callback         0x0800bba5     0x4  Code  Gb  USB_istr.o [1]
EP2_OUT_Callback        0x0800bba9     0x4  Code  Gb  USB_istr.o [1]
EPindex                 0x20003187     0x1  Data  Gb  usb_init.o [1]
FLASH_ClearFlag         0x0800874f     0x6  Code  Gb  stm32f10x_flash.o [1]
FLASH_Erase             0x0800995f    0x24  Code  Gb  Flash.o [1]
FLASH_ErasePage         0x080086e5    0x2a  Code  Gb  stm32f10x_flash.o [1]
FLASH_GetBank1Status    0x08008755    0x22  Code  Gb  stm32f10x_flash.o [1]
FLASH_Lock              0x080086d5     0x2  Code  Gb  stm32f10x_flash.o [1]
FLASH_PrefetchBufferCmd
                        0x080086ad     0xa  Code  Gb  stm32f10x_flash.o [1]
FLASH_Prog              0x0800993d    0x22  Code  Gb  Flash.o [1]
FLASH_ProgramHalfWord   0x0800871d    0x2a  Code  Gb  stm32f10x_flash.o [1]
FLASH_SetLatency        0x080086a1     0xc  Code  Gb  stm32f10x_flash.o [1]
FLASH_Unlock            0x080086c1     0x2  Code  Gb  stm32f10x_flash.o [1]
FLASH_WaitForLastOperation
                        0x08008791     0x4  Code  Gb  stm32f10x_flash.o [1]
GPIO_Config             0x08006c4b    0x6a  Code  Gb  Bios.o [1]
GPIO_Init               0x080083f5    0xbc  Code  Gb  stm32f10x_gpio.o [1]
GPIO_Init_OLED          0x08006841    0x20  Code  Gb  Oled.o [1]
GPIO_PinRemapConfig     0x080084c7    0x52  Code  Gb  stm32f10x_gpio.o [1]
GPIO_ReadInputDataBit   0x080084b1     0xe  Code  Gb  stm32f10x_gpio.o [1]
GPIO_ResetBits          0x080084c3     0x4  Code  Gb  stm32f10x_gpio.o [1]
GPIO_SetBits            0x080084bf     0x4  Code  Gb  stm32f10x_gpio.o [1]
GetEPRxAddr             0x08009ad1     0xe  Code  Gb  usb_regs.o [1]
GetEPRxCount            0x08009b25     0xe  Code  Gb  usb_regs.o [1]
GetEPTxAddr             0x08009acf     0x2  Code  Gb  usb_regs.o [1]
Get_AdcValue            0x08006b25     0xa  Code  Gb  Bios.o [1]
Get_AlarmType           0x08005fdd     0x6  Code  Gb  HARDWARE.o [1]
Get_AvgAd               0x080060ad    0x68  Code  Gb  HARDWARE.o [1]
Get_CalFlag             0x08005fc5     0x6  Code  Gb  HARDWARE.o [1]
Get_CtrlStatus          0x080062c9     0x8  Code  Gb  CTRL.o [1]
Get_HeatingTime         0x08006b37     0x8  Code  Gb  Bios.o [1]
Get_HtFlag              0x080062d9     0x8  Code  Gb  CTRL.o [1]
Get_LeftHandedFlag      0x08004159     0x8  Code  Gb  UI.o [1]
Get_Max_Lun             0x0800b519    0x12  Code  Gb  USB_prop.o [1]
Get_MmaActive           0x08006fd1     0x6  Code  Gb  MMA8652FC.o [1]
Get_MmaShift            0x08006fd7     0x6  Code  Gb  MMA8652FC.o [1]
Get_SensorTmp           0x0800613f    0x62  Code  Gb  HARDWARE.o [1]
Get_SerialNum           0x0800b52b    0x3c  Code  Gb  USB_prop.o [1]
Get_SlAvg               0x0800607d    0x30  Code  Gb  HARDWARE.o [1]
Get_Temp                0x080061c7    0x9e  Code  Gb  HARDWARE.o [1]
Get_TempSlAvg           0x08006115    0x2a  Code  Gb  HARDWARE.o [1]
Get_TempVal             0x080062e1     0xa  Code  Gb  CTRL.o [1]
Get_TemperatureShowFlag
                        0x08004149     0x8  Code  Gb  UI.o [1]
Get_UpdataFlag          0x08004131     0x8  Code  Gb  UI.o [1]
Get_gKey                0x08005fcb     0x6  Code  Gb  HARDWARE.o [1]
Guide                   0x0800499c    0xc0  Data  Gb  UI.o [1]
HardFault_Handler       0x0800bc03     0x2  Code  Gb  Interrupt.o [1]
Heating_Time            0x0800638d    0x22  Code  Gb  CTRL.o [1]
HighVt                  0x08004e68    0x8c  Data  Gb  UI.o [1]
I2C_Cmd                 0x08009ef1    0x14  Code  Gb  stm32f10x_i2c.o [1]
I2C_Configuration       0x080081af    0x5c  Code  Gb  I2C.o [1]
I2C_Init                0x08009e31    0xb4  Code  Gb  stm32f10x_i2c.o [1]
I2C_PageRead            0x080083a7    0x4c  Code  Gb  I2C.o [1]
I2C_PageWrite           0x0800837d    0x2a  Code  Gb  I2C.o [1]
IIC_RegRead             0x08006ff5    0x1c  Code  Lc  MMA8652FC.o [1]
IIC_RegWrite            0x08006fdd    0x18  Code  Lc  MMA8652FC.o [1]
IWDG_Enable             0x0800713d     0xa  Code  Gb  stm32f10x_iwdg.o [1]
IWDG_ReloadCounter      0x08007133     0xa  Code  Gb  stm32f10x_iwdg.o [1]
IWDG_SetPrescaler       0x08007127     0x6  Code  Gb  stm32f10x_iwdg.o [1]
IWDG_SetReload          0x0800712d     0x6  Code  Gb  stm32f10x_iwdg.o [1]
IWDG_WriteAccessCmd     0x08007121     0x6  Code  Gb  stm32f10x_iwdg.o [1]
IhIcon                  0x0800566c    0x18  Data  Gb  UI.o [1]
In0_Process             0x0800b201    0x46  Code  Gb  usb_core.o [1]
Init_Gtime              0x08006b3f     0xa  Code  Gb  Bios.o [1]
Init_Oled               0x08006861    0x44  Code  Gb  Oled.o [1]
Init_Timer2             0x08006e09    0x52  Code  Gb  Bios.o [1]
Init_Timer3             0x08006e5b    0x50  Code  Gb  Bios.o [1]
LowVot                  0x08004d50    0x8c  Data  Gb  UI.o [1]
MASS_ConfigDescriptor   0x0800ba20    0x20  Data  Gb  USB_desc.o [1]
MASS_Data_Setup         0x0800b469    0x3e  Code  Gb  USB_prop.o [1]
MASS_DeviceDescriptor   0x0800ba0c    0x14  Data  Gb  USB_desc.o [1]
MASS_GetConfigDescriptor
                        0x0800b4fb     0x6  Code  Gb  USB_prop.o [1]
MASS_GetDeviceDescriptor
                        0x0800b4f5     0x6  Code  Gb  USB_prop.o [1]
MASS_GetStringDescriptor
                        0x0800b501    0x18  Code  Gb  USB_prop.o [1]
MASS_Get_Interface_Setting
                        0x0800b4eb     0xa  Code  Gb  USB_prop.o [1]
MASS_NoData_Setup       0x0800b4a7    0x44  Code  Gb  USB_prop.o [1]
MASS_Reset              0x0800b35f    0xbc  Code  Gb  USB_prop.o [1]
MASS_Status_In          0x0800b465     0x2  Code  Gb  USB_prop.o [1]
MASS_Status_Out         0x0800b467     0x2  Code  Gb  USB_prop.o [1]
MASS_StringInterface    0x0800ba94    0x10  Data  Gb  USB_desc.o [1]
MASS_StringLangID       0x0800ba40     0x4  Data  Gb  USB_desc.o [1]
MASS_StringProduct      0x0800ba6c    0x28  Data  Gb  USB_desc.o [1]
MASS_StringSerial       0x200003a0    0x1c  Data  Gb  USB_desc.o [1]
MASS_StringVendor       0x0800ba44    0x28  Data  Gb  USB_desc.o [1]
MASS_init               0x0800b335    0x2a  Code  Gb  USB_prop.o [1]
Maplib                  0x080042d0   0x1a0  Data  Gb  UI.o [1]
Maplib1                 0x08004470   0x1b8  Data  Gb  UI.o [1]
Mass_Storage_ClearFeature
                        0x0800b44b    0x12  Code  Gb  USB_prop.o [1]
Mass_Storage_In         0x08009b8d    0x42  Code  Gb  USB_bot.o [1]
Mass_Storage_Out        0x08009bcf    0x52  Code  Gb  USB_bot.o [1]
Mass_Storage_SetConfiguration
                        0x0800b425    0x26  Code  Gb  USB_prop.o [1]
Mass_Storage_SetDeviceAddress
                        0x0800b45d     0x8  Code  Gb  USB_prop.o [1]
Max_Lun                 0x20003170     0x4  Data  Gb  USB_prop.o [1]
MemManage_Handler       0x0800bc05     0x2  Code  Gb  Interrupt.o [1]
Mode_Sense10_data       0x20000444     0x8  Data  Gb  USB_scsi.o [1]
Mode_Sense6_data        0x20000454     0x4  Data  Gb  USB_scsi.o [1]
NMI_Handler             0x0800bc01     0x2  Code  Gb  Interrupt.o [1]
NOP_Process             0x0800b331     0x2  Code  Gb  usb_core.o [1]
NVIC_Config             0x08006c17    0x34  Code  Gb  Bios.o [1]
NVIC_Init               0x080087bb    0x58  Code  Gb  misc.o [1]
NVIC_PriorityGroupConfig
                        0x080087b1     0xa  Code  Gb  misc.o [1]
NVIC_SetVectorTable     0x08008813     0xc  Code  Gb  misc.o [1]
NoData_Setup0           0x0800af45    0xca  Code  Lc  usb_core.o [1]
Number10                0x08005e88   0x104  Data  Gb  UI.o [1]
Number12                0x080046d4   0x108  Data  Gb  UI.o [1]
Number8r                0x08005f8c    0x38  Data  Gb  UI.o [1]
OLed_Display            0x08005b99   0x2b6  Code  Gb  UI.o [1]
Oled_DisplayOff         0x08006747     0xa  Code  Gb  Oled.o [1]
Oled_DisplayOn          0x0800673b     0xc  Code  Gb  Oled.o [1]
Oled_DrawArea           0x080067c5    0x4e  Code  Gb  Oled.o [1]
Out0_Process            0x0800b247    0x30  Code  Gb  usb_core.o [1]
PMAToUserBufferCopy     0x080099b3    0x1e  Code  Gb  usb_mem.o [1]
Page00_Inquiry_Data     0x2000315c     0x8  Data  Gb  USB_scsi.o [1]
PendSV_Handler          0x0800bc0f     0x2  Code  Gb  Interrupt.o [1]
Pid_Init                0x080062f9    0x20  Code  Gb  CTRL.o [1]
Pid_Realize             0x08006319    0x74  Code  Gb  CTRL.o [1]
Post0_Process           0x0800b27f    0x2c  Code  Gb  usb_core.o [1]
PowerOn                 0x0800b5a9    0x16  Code  Gb  USB_pwr.o [1]
RCC_AHBPeriphClockCmd   0x080085f7    0x12  Code  Gb  stm32f10x_rcc.o [1]
RCC_APB1PeriphClockCmd  0x0800861b    0x12  Code  Gb  stm32f10x_rcc.o [1]
RCC_APB2PeriphClockCmd  0x08008609    0x12  Code  Gb  stm32f10x_rcc.o [1]
RCC_APB2PeriphResetCmd  0x0800862d    0x12  Code  Gb  stm32f10x_rcc.o [1]
RCC_Config              0x08006ba7    0x70  Code  Gb  Bios.o [1]
RCC_DeInit              0x08008525    0x32  Code  Gb  stm32f10x_rcc.o [1]
RCC_GetClocksFreq       0x08008581    0x76  Code  Gb  stm32f10x_rcc.o [1]
RCC_GetFlagStatus       0x0800863f    0x2a  Code  Gb  stm32f10x_rcc.o [1]
RCC_GetSYSCLKSource     0x08008571     0xa  Code  Gb  stm32f10x_rcc.o [1]
RCC_HSICmd              0x08008557     0x6  Code  Gb  stm32f10x_rcc.o [1]
RCC_PLLCmd              0x0800855d     0x6  Code  Gb  stm32f10x_rcc.o [1]
RCC_SYSCLKConfig        0x08008563     0xe  Code  Gb  stm32f10x_rcc.o [1]
RCC_USBCLKConfig        0x0800857b     0x6  Code  Gb  stm32f10x_rcc.o [1]
ReWriteFlsash           0x08007cb7    0x52  Code  Gb  Disk.o [1]
ReWrite_All             0x08007d09    0x3e  Code  Gb  Disk.o [1]
ReadCapacity10_Data     0x20003164     0x8  Data  Gb  USB_scsi.o [1]
ReadFormatCapacity      0x20000428     0xc  Data  Gb  USB_scsi.o [1]
Read_Memory             0x08007d47    0xa0  Code  Gb  Disk.o [1]
Read_Vb                 0x08006007    0x30  Code  Gb  HARDWARE.o [1]
Read_Vbi                0x08005fe3    0x24  Code  Gb  HARDWARE.o [1]
Region$$Table$$Base     0x0800bbd4           --   Gb  - Linker created -
Region$$Table$$Limit    0x0800bc00           --   Gb  - Linker created -
Reset_Handler           0x0800bc5d          Code  Wk  STM32F103_Startup.o [1]
Reverse_Bin8            0x080051ff    0x2a  Code  Gb  UI.o [1]
Roll_Num                0x080059e7    0x66  Code  Gb  UI.o [1]
SCSI_Address_Management
                        0x0800a9f9    0x4a  Code  Gb  USB_scsi.o [1]
SCSI_BlkLen             0x2000309c     0x4  Data  Gb  USB_bot.o [1]
SCSI_Inquiry_Cmd        0x0800a871    0x1e  Code  Gb  USB_scsi.o [1]
SCSI_Invalid_Cmd        0x0800a9d3    0x26  Code  Gb  USB_scsi.o [1]
SCSI_LBA                0x20003098     0x4  Data  Gb  USB_bot.o [1]
SCSI_ModeSense10_Cmd    0x0800a8d5     0x8  Code  Gb  USB_scsi.o [1]
SCSI_ModeSense6_Cmd     0x0800a8cd     0x8  Code  Gb  USB_scsi.o [1]
SCSI_Read10_Cmd         0x0800a8f7    0x4e  Code  Gb  USB_scsi.o [1]
SCSI_ReadCapacity10_Cmd
                        0x0800a8ad    0x20  Code  Gb  USB_scsi.o [1]
SCSI_ReadFormatCapacity_Cmd
                        0x0800a88f    0x1e  Code  Gb  USB_scsi.o [1]
SCSI_RequestSense_Cmd   0x0800a8dd    0x10  Code  Gb  USB_scsi.o [1]
SCSI_Start_Stop_Unit_Cmd
                        0x0800a8f5     0x2  Code  Gb  USB_scsi.o [1]
SCSI_TestUnitReady_Cmd  0x0800a9c9     0x2  Code  Gb  USB_scsi.o [1]
SCSI_Verify10_Cmd       0x0800a99d    0x24  Code  Gb  USB_scsi.o [1]
SCSI_Write10_Cmd        0x0800a94b    0x52  Code  Gb  USB_scsi.o [1]
SVC_Handler             0x0800bc0b     0x2  Code  Gb  Interrupt.o [1]
SaveRState              0x2000317c     0x2  Data  Gb  usb_int.o [1]
SaveTState              0x2000317e     0x2  Data  Gb  usb_int.o [1]
Sc_Pt                   0x08006721    0x1a  Code  Gb  Oled.o [1]
Scan_Key                0x08006037    0x46  Code  Gb  HARDWARE.o [1]
Scsi_Sense_Data         0x200003f4    0x14  Data  Gb  USB_scsi.o [1]
SearchFile              0x0800753f    0x66  Code  Gb  Disk.o [1]
SenErr                  0x08004ddc    0x8c  Data  Gb  UI.o [1]
SetBTABLE               0x080099d1     0xe  Code  Gb  usb_regs.o [1]
SetDeviceAddress        0x0800b2b7    0x36  Code  Gb  usb_core.o [1]
SetEPRxAddr             0x08009ac1     0xe  Code  Gb  usb_regs.o [1]
SetEPRxCount            0x08009aed    0x38  Code  Gb  usb_regs.o [1]
SetEPRxStatus           0x08009a15    0x20  Code  Gb  usb_regs.o [1]
SetEPRxValid            0x08009a43    0x18  Code  Gb  usb_regs.o [1]
SetEPTxAddr             0x08009abf     0x2  Code  Gb  usb_regs.o [1]
SetEPTxCount            0x08009adf     0xe  Code  Gb  usb_regs.o [1]
SetEPTxStatus           0x080099f3    0x22  Code  Gb  usb_regs.o [1]
SetEPType               0x080099df    0x14  Code  Gb  usb_regs.o [1]
Set_CSW                 0x08009dad    0x3c  Code  Gb  USB_bot.o [1]
Set_CtrlStatus          0x080062d1     0x8  Code  Gb  CTRL.o [1]
Set_HeatingTime         0x08006b2f     0x8  Code  Gb  Bios.o [1]
Set_LeftHandedFlag      0x08004151     0x8  Code  Gb  UI.o [1]
Set_LongKeyFlag         0x08005fd7     0x6  Code  Gb  HARDWARE.o [1]
Set_Scsi_Sense_Data     0x0800a8ed     0x8  Code  Gb  USB_scsi.o [1]
Set_ShowPos             0x08006793    0x32  Code  Gb  Oled.o [1]
Set_TemperatureShowFlag
                        0x08004141     0x8  Code  Gb  UI.o [1]
Set_UpdataFlag          0x08004139     0x8  Code  Gb  UI.o [1]
Set_Ver                 0x080071d5   0x204  Code  Gb  Disk.o [1]
Set_gKey                0x08005fd1     0x6  Code  Gb  HARDWARE.o [1]
Setup0_Process          0x0800b199    0x68  Code  Gb  usb_core.o [1]
Shift_Char              0x08004fb5    0x32  Code  Gb  UI.o [1]
Show_Cal                0x08004a5d    0x38  Code  Gb  UI.o [1]
Show_Config             0x08004819    0x16  Code  Gb  UI.o [1]
Show_HeatingIcon        0x08005543    0x80  Code  Gb  UI.o [1]
Show_Notice             0x0800423b    0x96  Code  Gb  UI.o [1]
Show_OrderChar          0x08005135    0xca  Code  Gb  UI.o [1]
Show_ReverseChar        0x08005229   0x138  Code  Gb  UI.o [1]
Show_Set                0x08004fe7    0x80  Code  Gb  UI.o [1]
Show_TempDown           0x080048f1    0xa8  Code  Gb  UI.o [1]
Show_TempReverse        0x08005365   0x1d0  Code  Gb  UI.o [1]
Show_Triangle           0x08004f01    0xa8  Code  Gb  UI.o [1]
Show_Ver                0x08004629    0xac  Code  Gb  UI.o [1]
Show_Volt               0x080047dd    0x32  Code  Gb  UI.o [1]
Show_Warning            0x08004c25    0x72  Code  Gb  UI.o [1]
Sim_I2C_RD_Byte         0x0800830f    0x58  Code  Lc  I2C.o [1]
Sim_I2C_Set             0x0800820b    0x1a  Code  Lc  I2C.o [1]
Sim_I2C_Start           0x08008225    0x40  Code  Lc  I2C.o [1]
Sim_I2C_Stop            0x08008273    0x2c  Code  Lc  I2C.o [1]
Sim_I2C_WR_Byte         0x0800829f    0x60  Code  Lc  I2C.o [1]
Standard_ClearFeature   0x0800aca3    0xc2  Code  Gb  usb_core.o [1]
Standard_GetConfiguration
                        0x0800ab61    0x18  Code  Gb  usb_core.o [1]
Standard_GetDescriptorData
                        0x0800adf3    0x1a  Code  Gb  usb_core.o [1]
Standard_GetInterface   0x0800abab    0x18  Code  Gb  usb_core.o [1]
Standard_GetStatus      0x0800ac13    0x88  Code  Gb  usb_core.o [1]
Standard_SetConfiguration
                        0x0800ab79    0x32  Code  Gb  usb_core.o [1]
Standard_SetDeviceFeature
                        0x0800add7    0x1c  Code  Gb  usb_core.o [1]
Standard_SetEndPointFeature
                        0x0800ad65    0x72  Code  Gb  usb_core.o [1]
Standard_SetInterface   0x0800abcd    0x46  Code  Gb  usb_core.o [1]
StartUp_Accelerated     0x08007017    0x2c  Code  Gb  MMA8652FC.o [1]
Start_Watchdog          0x0800628d    0x2a  Code  Gb  HARDWARE.o [1]
StatusInfo              0x20003178     0x4  Data  Gb  usb_core.o [1]
Status_Tran             0x080063af   0x2e0  Code  Gb  CTRL.o [1]
String_Descriptor       0x200002f4    0x28  Data  Gb  USB_prop.o [1]
SysTick_Handler         0x0800bc11     0x2  Code  Gb  Interrupt.o [1]
SystemInit              0x0800b895    0xba  Code  Gb  STM32F103_System.o [1]
System_Init             0x080062eb     0xe  Code  Gb  CTRL.o [1]
TIM2_IRQHandler         0x0800bc17     0x4  Code  Gb  Interrupt.o [1]
TIM2_ISR                0x08006ec5    0x38  Code  Gb  Bios.o [1]
TIM3_IRQHandler         0x0800bc1b     0x4  Code  Gb  Interrupt.o [1]
TIM3_ISR                0x08006f05    0x4a  Code  Gb  Bios.o [1]
TIM_ARRPreloadConfig    0x08008b71    0x14  Code  Gb  stm32f10x_tim.o [1]
TIM_ClearITPendingBit   0x08008b85     0x2  Code  Gb  stm32f10x_tim.o [1]
TIM_Cmd                 0x08008b4d    0x14  Code  Gb  stm32f10x_tim.o [1]
TIM_ITConfig            0x08008b61    0x10  Code  Gb  stm32f10x_tim.o [1]
TIM_TimeBaseInit        0x08008ac5    0x88  Code  Gb  stm32f10x_tim.o [1]
TempIcon                0x080055c4    0xa8  Data  Gb  UI.o [1]
Temp_SetProc            0x08005a55   0x134  Code  Gb  UI.o [1]
TemperatureShow_Change  0x08004161    0x24  Code  Gb  UI.o [1]
Transfer_Data_Request   0x08009d7b    0x32  Code  Gb  USB_bot.o [1]
Triangle                0x08005074    0xc0  Data  Gb  UI.o [1]
USB_Init                0x0800bb3d    0x20  Code  Gb  usb_init.o [1]
USB_Istr                0x0800bb5d    0x36  Code  Gb  USB_istr.o [1]
USB_LP_CAN1_RX0_IRQHandler
                        0x0800bc13     0x4  Code  Gb  Interrupt.o [1]
USB_Port                0x08006b63    0x44  Code  Gb  Bios.o [1]
Update_X                0x08007091     0x8  Code  Gb  MMA8652FC.o [1]
Update_Y                0x08007099     0x6  Code  Gb  MMA8652FC.o [1]
Upper                   0x08007521    0x1e  Code  Gb  Disk.o [1]
UsageFault_Handler      0x0800bc09     0x2  Code  Gb  Interrupt.o [1]
UserToPMABufferCopy     0x08009989    0x2a  Code  Gb  usb_mem.o [1]
User_Standard_Requests  0x20000340    0x24  Data  Gb  USB_prop.o [1]
Ver_s                   0x20000000    0xc0  Data  Lc  UI.o [1]
WWDG_IRQHandler         0x0800bc9d          Code  Wk  STM32F103_Startup.o [1]
Warning                 0x08004ca4    0xac  Data  Gb  UI.o [1]
Write_Memory            0x08007de7    0xa8  Code  Gb  Disk.o [1]
Zero_Calibration        0x080061a1    0x26  Code  Gb  HARDWARE.o [1]
_GenldFull              0x080095d5   0x266  Code  Lc  xprintffull.o [3]
_LdtobFull              0x080091d5   0x3fa  Code  Lc  xprintffull.o [3]
_LitobFull              0x080090bf   0x10e  Code  Lc  xprintffull.o [3]
_PrintfFull             0x08008bb5   0x504  Code  Gb  xprintffull.o [3]
_PutcharsFull           0x0800983b    0x2e  Code  Lc  xprintffull.o [3]
_SProut                 0x080071cb     0xa  Code  Gb  xsprout.o [3]
__aeabi_cdcmple         0x0800a105          Code  Gb  DblCmpLe.o [4]
__aeabi_cdrcmple        0x0800a135          Code  Gb  DblCmpGe.o [4]
__aeabi_d2iz            0x0800a271          Code  Gb  DblToI32.o [4]
__aeabi_d2uiz           0x0800a29d          Code  Gb  DblToI32.o [4]
__aeabi_ddiv            0x0800a61d          Code  Gb  DblDiv.o [4]
__aeabi_dmul            0x0800a479          Code  Gb  DblMul.o [4]
__aeabi_dsub            0x0800a2f9          Code  Gb  DblSub.o [4]
__aeabi_i2d             0x0800a2c9          Code  Gb  I32ToDbl.o [4]
__aeabi_ldiv0           0x0800aa89          Code  Gb  I64DivZer.o [5]
__aeabi_memclr          0x0800851d          Code  Gb  ABImemclr.o [5]
__aeabi_memclr4         0x080066f9          Code  Gb  ABImemclr4.o [5]
__aeabi_memcpy          0x08007155          Code  Gb  ABImemcpy.o [5]
__aeabi_memcpy4         0x08007175          Code  Gb  ABImemcpy.o [5]
__aeabi_memcpy8         0x08007175          Code  Gb  ABImemcpy.o [5]
__aeabi_ui2d            0x0800a2dd          Code  Gb  I32ToDbl.o [4]
__aeabi_uldivmod        0x08009fd5          Code  Gb  I64DivMod.o [5]
__cmain                 0x0800bc21          Code  Gb  cmain.o [5]
__exit                  0x0800bc49    0x14  Code  Gb  exit.o [6]
__iar_Dnorm             0x0800a0c3    0x42  Code  Gb  xdnorm.o [4]
__iar_Dscale            0x0800a165   0x10c  Code  Gb  xdscale.o [4]
__iar_Memchr            0x08009f7d          Code  Gb  memchr.o [5]
__iar_Memset4_word      0x08008171          Code  Gb  ABImemset48.o [5]
__iar_Memset8_word      0x08008171          Code  Gb  ABImemset48.o [5]
__iar_Memset_word       0x08009f05          Code  Gb  ABImemset.o [5]
__iar_Strchr            0x08009f65          Code  Gb  strchr.o [5]
__iar_d2uiz             0x0800a2a9          Code  Gb  DblToI32.o [4]
__iar_dadd              0x0800aa8d          Code  Gb  DblAdd.o [4]
__iar_data_init3        0x0800bbad    0x28  Code  Gb  data_init3.o [5]
__iar_dsub              0x0800a30d          Code  Gb  DblSub.o [4]
__iar_dsubStart         0x0800a31f          Code  Gb  DblSub.o [4]
__iar_packbits_init3    0x0800b965    0xa6  Code  Gb  packbits_init3.o [5]
__iar_program_start     0x0800bc6d          Code  Gb  cstartup_M.o [5]
__iar_ui2d              0x0800a2e1          Code  Gb  I32ToDbl.o [4]
__iar_zero_init3        0x080066ff    0x22  Code  Gb  zero_init3.o [5]
__vector_table          0x08004000          Data  Gb  STM32F103_Startup.o [1]
_call_main              0x0800bc2d          Code  Gb  cmain.o [5]
_exit                   0x0800bc3d          Code  Gb  cexit.o [5]
_main                   0x0800bc33          Code  Gb  cmain.o [5]
bDeviceState            0x20003174     0x4  Data  Gb  USB_pwr.o [1]
device_info             0x20000274    0x20  Data  Gb  CTRL.o [1]
div                     0x0800a863     0xe  Code  Gb  div.o [3]
exit                    0x0800bc37     0x4  Code  Gb  exit.o [3]
gAlarm_type             0x2000041d     0x1  Data  Gb  HARDWARE.o [1]
gCalib_flag             0x2000041c     0x1  Data  Gb  HARDWARE.o [1]
gCont                   0x20000330     0x4  Data  Gb  UI.o [1]
gCtrl_status            0x20000250     0x1  Data  Gb  CTRL.o [1]
gDef_set                0x20000208    0x24  Data  Gb  Disk.o [1]
gDisk_buff              0x20000458  0x2600  Data  Lc  Disk.o [1]
gDisk_var               0x20002a58   0x23c  Data  Lc  Disk.o [1]
gDown_flag              0x20000365     0x1  Data  Gb  UI.o [1]
gFat_data               0x08008168     0x8  Data  Gb  Disk.o [1]
gFile_con               0x20002c94   0x200  Data  Lc  Disk.o [1]
gHeat_cnt               0x2000310c     0x4  Data  Gb  Bios.o [1]
gHt_flag                0x2000026c     0x2  Data  Gb  CTRL.o [1]
gIs_restartkey          0x20000251     0x1  Data  Gb  CTRL.o [1]
gKey_in                 0x20003114     0x4  Data  Gb  HARDWARE.o [1]
gKey_words              0x200001e4    0x24  Data  Gb  Disk.o [1]
gLeftHandedflag         0x20003184     0x1  Data  Gb  UI.o [1]
gLevel_flag             0x20000366     0x1  Data  Gb  UI.o [1]
gLongkey_flag           0x20003110     0x1  Data  Gb  HARDWARE.o [1]
gMeas_cnt               0x20000384     0x2  Data  Gb  HARDWARE.o [1]
gMmatxdata              0x200030f8     0x1  Data  Gb  MMA8652FC.o [1]
gMs_timeout             0x20003108     0x4  Data  Gb  Bios.o [1]
gOled_param             0x20000294    0x30  Data  Gb  Oled.o [1]
gPre_status             0x20000252     0x1  Data  Gb  CTRL.o [1]
gRate                   0x080062c0     0x8  Data  Gb  HARDWARE.o [1]
gRewriteflag            0x200001d0    0x10  Data  Gb  Disk.o [1]
gSet_range              0x2000022c    0x24  Data  Gb  Disk.o [1]
gSet_table              0x20000324     0x4  Data  Gb  UI.o [1]
gShift                  0x200030fe     0x2  Data  Gb  MMA8652FC.o [1]
gSk                     0x200030c8     0x1  Data  Gb  Bios.o [1]
gTemp_array             0x200000c0   0x110  Data  Gb  UI.o [1]
gTemp_array_u16         0x20002e94   0x1a0  Data  Gb  UI.o [1]
gTemp_data              0x2000026e     0x2  Data  Gb  CTRL.o [1]
gTemperatureshowflag    0x2000031c     0x1  Data  Gb  UI.o [1]
gTempset_showctrl       0x2000031d     0x1  Data  Gb  UI.o [1]
gTime                   0x200030cc    0x20  Data  Gb  Bios.o [1]
gTimeOut                0x20003104     0x4  Data  Gb  Bios.o [1]
gTurn_offv              0x2000044c     0x4  Data  Gb  HARDWARE.o [1]
gUp_flag                0x20000364     0x1  Data  Gb  UI.o [1]
gX_value                0x200030ec     0x4  Data  Gb  MMA8652FC.o [1]
gY_value                0x200030f0     0x4  Data  Gb  MMA8652FC.o [1]
gZ_value                0x200030f4     0x4  Data  Gb  MMA8652FC.o [1]
gZerop_ad               0x20000424     0x4  Data  Gb  HARDWARE.o [1]
gactive                 0x200030fa     0x2  Data  Gb  MMA8652FC.o [1]
info_def                0x080066d8    0x20  Data  Gb  CTRL.o [1]
logo                    0x08006a64    0xc0  Data  Gb  Oled.o [1]
main                    0x0800baa5    0x98  Code  Gb  Main.o [1]
memchr                  0x08009f7d          Code  Gb  memchr.o [5]
memcmp                  0x08009885          Code  Gb  memcmp.o [5]
pEpInt_IN               0x200003bc    0x1c  Data  Gb  USB_istr.o [1]
pEpInt_OUT              0x200003d8    0x1c  Data  Gb  USB_istr.o [1]
pInformation            0x200030bc     0x4  Data  Gb  usb_init.o [1]
pProperty               0x200030c0     0x4  Data  Gb  usb_init.o [1]
pUser_Standard_Requests
                        0x200030c4     0x4  Data  Gb  usb_init.o [1]
pid                     0x20000254    0x18  Data  Gb  CTRL.o [1]
sprintf                 0x08006f9d    0x34  Code  Gb  sprintf.o [3]
strcat                  0x0800991f    0x1c  Code  Gb  strcat.o [3]
strchr                  0x08009f65          Code  Gb  strchr.o [5]
strlen                  0x080098e9          Code  Gb  strlen.o [5]
wInterrupt_Mask         0x20003182     0x2  Data  Gb  usb_init.o [1]
wIstr                   0x20003180     0x2  Data  Gb  USB_istr.o [1]
wordlib                 0x080056d8   0x220  Data  Gb  UI.o [1]


[1] = C:\iar\v2.12\TEMP\APP.Obj
[2] = command line
[3] = dl7M_tln.a
[4] = m7M_tl.a
[5] = rt7M_tl.a
[6] = shb_l.a

  31 326 bytes of readonly  code memory
   1 215 bytes of readonly  data memory
  13 704 bytes of readwrite data memory

Errors: none
Warnings: none
